python : WARNING: Using incubator modules: jdk.incubator.vector
At line:1 char:11
+ $output = python save_raw_text.py 2>&1; $exitCode = $LASTEXITCODE; $o ...
+           ~~~~~~~~~~~~~~~~~~~~~~~~~~~~
    + CategoryInfo          : NotSpecified: (WARNING: Using ...ncubator.vector:String) [], RemoteException
    + FullyQualifiedErrorId : NativeCommandError
 
Using Spark's default log4j profile: org/apache/spark/log4j2-defaults.properties
Setting default log level to "WARN".
To adjust logging level use sc.setLogLevel(newLevel). For SparkR, use setLogLevel(newLevel).
TEST WORKING
SUCCESS: The process with PID 16584 (child process of PID 19188) has been terminated.
SUCCESS: The process with PID 19188 (child process of PID 8600) has been terminated.
SUCCESS: The process with PID 8600 (child process of PID 14416) has been terminated.
[hash_lib] importing base classes
[hash_lib] import complete

 Transforms Library: 21 transforms available
   Use listatomic() to see all available transforms in a table format.


 Macro Library: 4 macro transforms available
   Use listmacro() to see all available macro transforms in a table format.

Total macros found: 4
Total transforms found: 21
python : WARNING: Using incubator modules: jdk.incubator.vector
At line:1 char:11
+ $output = python template_pipe.py 2>&1; $exitCode = $LASTEXITCODE; $o ...
+           ~~~~~~~~~~~~~~~~~~~~~~~~~~~~
    + CategoryInfo          : NotSpecified: (WARNING: Using ...ncubator.vector:String) [], RemoteException
    + FullyQualifiedErrorId : NativeCommandError
 
Using Spark's default log4j profile: org/apache/spark/log4j2-defaults.properties
Setting default log level to "WARN".
To adjust logging level use sc.setLogLevel(newLevel). For SparkR, use setLogLevel(newLevel).

[Stage 2:>                                                          (0 + 1) / 1]

                                                                                

[Stage 5:>                                                          (0 + 1) / 1]

Starting test pipeline execution at Mon Dec  1 18:53:34 2025
Creating Spark session
Current setup engine is: pyspark
Using provided Spark session. Engine set to pyspark.
[hash_lib] importing base classes
[hash_lib] import complete

 Transforms Library: 21 transforms available
   Use listatomic() to see all available transforms in a table format.


 Macro Library: 4 macro transforms available
   Use listmacro() to see all available macro transforms in a table format.

Setting environment variable: TNSFRMS_JOB_ID=-1
Setting environment variable: TNSFRMS_RUN_ID=-1
Setting environment variable: TNSFRMS_PROD=prod
Setting environment variable: TNSFRMS_LOG_LOC=jobs/{prodtest}/job_{job_id}/treatments.json
Setting environment variable: TNSFRMS_OUT_TABLE_LOC=jobs/{prodtest}/job_{job_id}
Setting environment variable: TNSFRMS_SYN_VAR=SYNTHETIC
Setting environment variable: TNSFRMS_ID_VAR=PERSON_ID
Setting environment variable: TNSFRMS_IDMAPS_LOC=../tests/test_tables/id_maps
Setting environment variable: TNSFRMS_JOB_STATE=../tests/test_tables/jobs/{prodtest}/job_{job_id}/setup/run_state.json
Setting environment variable: TNSFRMS_JOB_PATH=../tests/test_tables/jobs/{prodtest}/job_{job_id}/{tablename}.json
Setting environment variable: TNSFRMS_JOB_COLS_PATH=../tests/test_tables/jobs/{prodtest}/job_{job_id}/pre_transform_columns.csv
Setting environment variable: TNSFRMS_TABLE_SUMMARY_PATH=../tests/test_tables/jobs/{prodtest}/job_{job_id}/pre_transform_table_summary.csv
Setting environment variable: TNSFRMS_ID_MOD=id_mod
Setting environment variable: TNSFRMS_TAR_PART_SIZE=268435456
Setting environment variable: HASH_METHOD_LOC=hash_keys
Default environment variables have been set where necessary.
Production/Test mode set to: prod
Reading the delta tables to extract meta information
+-------------+------------------------------------------------------+------+
|table_name   |table_path                                            |format|
+-------------+------------------------------------------------------+------+
|array_like   |../tests/test_tables/jobs/prod/job_1/array_like.csv   |csv   |
|date_table   |../tests/test_tables/jobs/prod/job_1/date_table.csv   |csv   |
|decimal_table|../tests/test_tables/jobs/prod/job_1/decimal_table.csv|csv   |
|location     |../tests/test_tables/jobs/prod/job_1/location.csv     |csv   |
|positions    |../tests/test_tables/jobs/prod/job_1/positions.csv    |csv   |
|salary       |../tests/test_tables/jobs/prod/job_1/salary.csv       |csv   |
|state        |../tests/test_tables/jobs/prod/job_1/state.csv        |csv   |
+-------------+------------------------------------------------------+------+

+-------------+------------------+------------------+---------+---------------------------------------------------------------------------------------------------------------------------------------------------------------------------------------------+
|table_name   |column_name       |description       |data_type|warning_messages                                                                                                                                                                             |
+-------------+------------------+------------------+---------+---------------------------------------------------------------------------------------------------------------------------------------------------------------------------------------------+
|netflix      |Director          |Director          |String   |[UNIQUE] Free text or array category requires manual review | [ALL] No all_pass rules matched - using default status: warning                                                                |
|netflix      |Cast              |Cast              |String   |[UNIQUE] Free text or array category requires manual review | [ALL] No all_pass rules matched - using default status: warning                                                                |
|netflix      |Description       |Description       |String   |[UNIQUE] Free text or array category requires manual review | [ALL] No all_pass rules matched - using default status: warning                                                                |
|DCSKINPRODUCT|DATE              |DATE              |String   |[SCHEMA] Column found in schema with description but data type mismatch | [ALL] No all_pass rules matched - using default status: warning                                                    |
|DCSKINPRODUCT|Discount          |Discount          |String   |[SCHEMA] Column found in schema with description but data type mismatch | [SCHEMA] Numeric column has non-numeric data type | [ALL] No all_pass rules matched - using default status: warning|
|DCSKINPRODUCT|Revenue           |Revenue           |String   |[SCHEMA] Column found in schema with description but data type mismatch | [SCHEMA] Numeric column has non-numeric data type | [ALL] No all_pass rules matched - using default status: warning|
|netflix      |Title             |Title             |String   |[UNIQUE] Free text or array category requires manual review | [ALL] No all_pass rules matched - using default status: warning                                                                |
|netflix      |Duration          |Duration          |String   |[UNIQUE] Free text or array category requires manual review | [ALL] No all_pass rules matched - using default status: warning                                                                |
|netflix      |Rating            |Rating            |String   |NULL                                                                                                                                                                                         |
|netflix      |Release_Date      |Release_Date      |String   |NULL                                                                                                                                                                                         |
|netflix      |Type              |Type              |String   |NULL                                                                                                                                                                                         |
|DCSKINPRODUCT|DistributionCenter|DistributionCenter|String   |NULL                                                                                                                                                                                         |
|netflix      |Category          |Category          |String   |NULL                                                                                                                                                                                         |
|netflix      |worm_id_mod       |NULL              |UInt64   |NULL                                                                                                                                                                                         |
|DCSKINPRODUCT|ProductKey        |ProductKey        |String   |NULL                                                                                                                                                                                         |
|DCSKINPRODUCT|worm_id_mod       |NULL              |Int64    |NULL                                                                                                                                                                                         |
|netflix      |Show_Id           |Show_Id           |String   |NULL                                                                                                                                                                                         |
|netflix      |Country           |Country           |String   |NULL                                                                                                                                                                                         |
+-------------+------------------+------------------+---------+---------------------------------------------------------------------------------------------------------------------------------------------------------------------------------------------+

+---------------+-------------+------------------+
|  table_name   | column_name | warning_messages |
+---------------+-------------+------------------+
|    netflix    |  Director   |        [         |
|    netflix    |  Director   |        U         |
|    netflix    |  Director   |        N         |
|    netflix    |  Director   |        I         |
|    netflix    |  Director   |        Q         |
|    netflix    |  Director   |        E         |
|    netflix    |  Director   |        ]         |
|    netflix    |  Director   |                  |
|    netflix    |  Director   |        F         |
|    netflix    |  Director   |        r         |
|    netflix    |  Director   |        e         |
|    netflix    |  Director   |        t         |
|    netflix    |  Director   |        x         |
|    netflix    |  Director   |        o         |
|    netflix    |  Director   |        a         |
|    netflix    |  Director   |        y         |
|    netflix    |  Director   |        c         |
|    netflix    |  Director   |        g         |
|    netflix    |  Director   |        q         |
|    netflix    |  Director   |        u         |
|    netflix    |  Director   |        i         |
|    netflix    |  Director   |        s         |
|    netflix    |  Director   |        m         |
|    netflix    |  Director   |        n         |
|    netflix    |  Director   |        l         |
|    netflix    |  Director   |        v         |
|    netflix    |  Director   |        w         |
|    netflix    |  Director   |        |         |
|    netflix    |  Director   |        A         |
|    netflix    |  Director   |        L         |
|    netflix    |  Director   |        _         |
|    netflix    |  Director   |        p         |
|    netflix    |  Director   |        h         |
|    netflix    |  Director   |        d         |
|    netflix    |  Director   |        -         |
|    netflix    |  Director   |        f         |
|    netflix    |  Director   |        :         |
|    netflix    |  Director   |                  |
|    netflix    |    Cast     |        [         |
|    netflix    |    Cast     |        U         |
|    netflix    |    Cast     |        N         |
|    netflix    |    Cast     |        I         |
|    netflix    |    Cast     |        Q         |
|    netflix    |    Cast     |        E         |
|    netflix    |    Cast     |        ]         |
|    netflix    |    Cast     |                  |
|    netflix    |    Cast     |        F         |
|    netflix    |    Cast     |        r         |
|    netflix    |    Cast     |        e         |
|    netflix    |    Cast     |        t         |
|    netflix    |    Cast     |        x         |
|    netflix    |    Cast     |        o         |
|    netflix    |    Cast     |        a         |
|    netflix    |    Cast     |        y         |
|    netflix    |    Cast     |        c         |
|    netflix    |    Cast     |        g         |
|    netflix    |    Cast     |        q         |
|    netflix    |    Cast     |        u         |
|    netflix    |    Cast     |        i         |
|    netflix    |    Cast     |        s         |
|    netflix    |    Cast     |        m         |
|    netflix    |    Cast     |        n         |
|    netflix    |    Cast     |        l         |
|    netflix    |    Cast     |        v         |
|    netflix    |    Cast     |        w         |
|    netflix    |    Cast     |        |         |
|    netflix    |    Cast     |        A         |
|    netflix    |    Cast     |        L         |
|    netflix    |    Cast     |        _         |
|    netflix    |    Cast     |        p         |
|    netflix    |    Cast     |        h         |
|    netflix    |    Cast     |        d         |
|    netflix    |    Cast     |        -         |
|    netflix    |    Cast     |        f         |
|    netflix    |    Cast     |        :         |
|    netflix    |    Cast     |                  |
|    netflix    | Description |        [         |
|    netflix    | Description |        U         |
|    netflix    | Description |        N         |
|    netflix    | Description |        I         |
|    netflix    | Description |        Q         |
|    netflix    | Description |        E         |
|    netflix    | Description |        ]         |
|    netflix    | Description |                  |
|    netflix    | Description |        F         |
|    netflix    | Description |        r         |
|    netflix    | Description |        e         |
|    netflix    | Description |        t         |
|    netflix    | Description |        x         |
|    netflix    | Description |        o         |
|    netflix    | Description |        a         |
|    netflix    | Description |        y         |
|    netflix    | Description |        c         |
|    netflix    | Description |        g         |
|    netflix    | Description |        q         |
|    netflix    | Description |        u         |
|    netflix    | Description |        i         |
|    netflix    | Description |        s         |
|    netflix    | Description |        m         |
|    netflix    | Description |        n         |
|    netflix    | Description |        l         |
|    netflix    | Description |        v         |
|    netflix    | Description |        w         |
|    netflix    | Description |        |         |
|    netflix    | Description |        A         |
|    netflix    | Description |        L         |
|    netflix    | Description |        _         |
|    netflix    | Description |        p         |
|    netflix    | Description |        h         |
|    netflix    | Description |        d         |
|    netflix    | Description |        -         |
|    netflix    | Description |        f         |
|    netflix    | Description |        :         |
|    netflix    | Description |                  |
| DCSKINPRODUCT |    DATE     |        [         |
| DCSKINPRODUCT |    DATE     |        S         |
| DCSKINPRODUCT |    DATE     |        C         |
| DCSKINPRODUCT |    DATE     |        H         |
| DCSKINPRODUCT |    DATE     |        E         |
| DCSKINPRODUCT |    DATE     |        M         |
| DCSKINPRODUCT |    DATE     |        A         |
| DCSKINPRODUCT |    DATE     |        ]         |
| DCSKINPRODUCT |    DATE     |                  |
| DCSKINPRODUCT |    DATE     |        o         |
| DCSKINPRODUCT |    DATE     |        l         |
| DCSKINPRODUCT |    DATE     |        u         |
| DCSKINPRODUCT |    DATE     |        m         |
| DCSKINPRODUCT |    DATE     |        n         |
| DCSKINPRODUCT |    DATE     |        f         |
| DCSKINPRODUCT |    DATE     |        d         |
| DCSKINPRODUCT |    DATE     |        i         |
| DCSKINPRODUCT |    DATE     |        s         |
| DCSKINPRODUCT |    DATE     |        c         |
| DCSKINPRODUCT |    DATE     |        h         |
| DCSKINPRODUCT |    DATE     |        e         |
| DCSKINPRODUCT |    DATE     |        a         |
| DCSKINPRODUCT |    DATE     |        w         |
| DCSKINPRODUCT |    DATE     |        t         |
| DCSKINPRODUCT |    DATE     |        r         |
| DCSKINPRODUCT |    DATE     |        p         |
| DCSKINPRODUCT |    DATE     |        b         |
| DCSKINPRODUCT |    DATE     |        y         |
| DCSKINPRODUCT |    DATE     |        |         |
| DCSKINPRODUCT |    DATE     |        L         |
| DCSKINPRODUCT |    DATE     |        N         |
| DCSKINPRODUCT |    DATE     |        _         |
| DCSKINPRODUCT |    DATE     |        -         |
| DCSKINPRODUCT |    DATE     |        g         |
| DCSKINPRODUCT |    DATE     |        :         |
| DCSKINPRODUCT |    DATE     |                  |
| DCSKINPRODUCT |  Discount   |        [         |
| DCSKINPRODUCT |  Discount   |        S         |
| DCSKINPRODUCT |  Discount   |        C         |
| DCSKINPRODUCT |  Discount   |        H         |
| DCSKINPRODUCT |  Discount   |        E         |
| DCSKINPRODUCT |  Discount   |        M         |
| DCSKINPRODUCT |  Discount   |        A         |
| DCSKINPRODUCT |  Discount   |        ]         |
| DCSKINPRODUCT |  Discount   |                  |
| DCSKINPRODUCT |  Discount   |        o         |
| DCSKINPRODUCT |  Discount   |        l         |
| DCSKINPRODUCT |  Discount   |        u         |
| DCSKINPRODUCT |  Discount   |        m         |
| DCSKINPRODUCT |  Discount   |        n         |
| DCSKINPRODUCT |  Discount   |        f         |
| DCSKINPRODUCT |  Discount   |        d         |
| DCSKINPRODUCT |  Discount   |        i         |
| DCSKINPRODUCT |  Discount   |        s         |
| DCSKINPRODUCT |  Discount   |        c         |
| DCSKINPRODUCT |  Discount   |        h         |
| DCSKINPRODUCT |  Discount   |        e         |
| DCSKINPRODUCT |  Discount   |        a         |
| DCSKINPRODUCT |  Discount   |        w         |
| DCSKINPRODUCT |  Discount   |        t         |
| DCSKINPRODUCT |  Discount   |        r         |
| DCSKINPRODUCT |  Discount   |        p         |
| DCSKINPRODUCT |  Discount   |        b         |
| DCSKINPRODUCT |  Discount   |        y         |
| DCSKINPRODUCT |  Discount   |        |         |
| DCSKINPRODUCT |  Discount   |        N         |
| DCSKINPRODUCT |  Discount   |        -         |
| DCSKINPRODUCT |  Discount   |        L         |
| DCSKINPRODUCT |  Discount   |        _         |
| DCSKINPRODUCT |  Discount   |        g         |
| DCSKINPRODUCT |  Discount   |        :         |
| DCSKINPRODUCT |  Discount   |                  |
| DCSKINPRODUCT |   Revenue   |        [         |
| DCSKINPRODUCT |   Revenue   |        S         |
| DCSKINPRODUCT |   Revenue   |        C         |
| DCSKINPRODUCT |   Revenue   |        H         |
| DCSKINPRODUCT |   Revenue   |        E         |
| DCSKINPRODUCT |   Revenue   |        M         |
| DCSKINPRODUCT |   Revenue   |        A         |
| DCSKINPRODUCT |   Revenue   |        ]         |
| DCSKINPRODUCT |   Revenue   |                  |
| DCSKINPRODUCT |   Revenue   |        o         |
| DCSKINPRODUCT |   Revenue   |        l         |
| DCSKINPRODUCT |   Revenue   |        u         |
| DCSKINPRODUCT |   Revenue   |        m         |
| DCSKINPRODUCT |   Revenue   |        n         |
| DCSKINPRODUCT |   Revenue   |        f         |
| DCSKINPRODUCT |   Revenue   |        d         |
| DCSKINPRODUCT |   Revenue   |        i         |
| DCSKINPRODUCT |   Revenue   |        s         |
| DCSKINPRODUCT |   Revenue   |        c         |
| DCSKINPRODUCT |   Revenue   |        h         |
| DCSKINPRODUCT |   Revenue   |        e         |
| DCSKINPRODUCT |   Revenue   |        a         |
| DCSKINPRODUCT |   Revenue   |        w         |
| DCSKINPRODUCT |   Revenue   |        t         |
| DCSKINPRODUCT |   Revenue   |        r         |
| DCSKINPRODUCT |   Revenue   |        p         |
| DCSKINPRODUCT |   Revenue   |        b         |
| DCSKINPRODUCT |   Revenue   |        y         |
| DCSKINPRODUCT |   Revenue   |        |         |
| DCSKINPRODUCT |   Revenue   |        N         |
| DCSKINPRODUCT |   Revenue   |        -         |
| DCSKINPRODUCT |   Revenue   |        L         |
| DCSKINPRODUCT |   Revenue   |        _         |
| DCSKINPRODUCT |   Revenue   |        g         |
| DCSKINPRODUCT |   Revenue   |        :         |
| DCSKINPRODUCT |   Revenue   |                  |
|    netflix    |    Title    |        [         |
|    netflix    |    Title    |        U         |
|    netflix    |    Title    |        N         |
|    netflix    |    Title    |        I         |
|    netflix    |    Title    |        Q         |
|    netflix    |    Title    |        E         |
|    netflix    |    Title    |        ]         |
|    netflix    |    Title    |                  |
|    netflix    |    Title    |        F         |
|    netflix    |    Title    |        r         |
|    netflix    |    Title    |        e         |
|    netflix    |    Title    |        t         |
|    netflix    |    Title    |        x         |
|    netflix    |    Title    |        o         |
|    netflix    |    Title    |        a         |
|    netflix    |    Title    |        y         |
|    netflix    |    Title    |        c         |
|    netflix    |    Title    |        g         |
|    netflix    |    Title    |        q         |
|    netflix    |    Title    |        u         |
|    netflix    |    Title    |        i         |
|    netflix    |    Title    |        s         |
|    netflix    |    Title    |        m         |
|    netflix    |    Title    |        n         |
|    netflix    |    Title    |        l         |
|    netflix    |    Title    |        v         |
|    netflix    |    Title    |        w         |
|    netflix    |    Title    |        |         |
|    netflix    |    Title    |        A         |
|    netflix    |    Title    |        L         |
|    netflix    |    Title    |        _         |
|    netflix    |    Title    |        p         |
|    netflix    |    Title    |        h         |
|    netflix    |    Title    |        d         |
|    netflix    |    Title    |        -         |
|    netflix    |    Title    |        f         |
|    netflix    |    Title    |        :         |
|    netflix    |    Title    |                  |
|    netflix    |  Duration   |        [         |
|    netflix    |  Duration   |        U         |
|    netflix    |  Duration   |        N         |
|    netflix    |  Duration   |        I         |
|    netflix    |  Duration   |        Q         |
|    netflix    |  Duration   |        E         |
|    netflix    |  Duration   |        ]         |
|    netflix    |  Duration   |                  |
|    netflix    |  Duration   |        F         |
|    netflix    |  Duration   |        r         |
|    netflix    |  Duration   |        e         |
|    netflix    |  Duration   |        t         |
|    netflix    |  Duration   |        x         |
|    netflix    |  Duration   |        o         |
|    netflix    |  Duration   |        a         |
|    netflix    |  Duration   |        y         |
|    netflix    |  Duration   |        c         |
|    netflix    |  Duration   |        g         |
|    netflix    |  Duration   |        q         |
|    netflix    |  Duration   |        u         |
|    netflix    |  Duration   |        i         |
|    netflix    |  Duration   |        s         |
|    netflix    |  Duration   |        m         |
|    netflix    |  Duration   |        n         |
|    netflix    |  Duration   |        l         |
|    netflix    |  Duration   |        v         |
|    netflix    |  Duration   |        w         |
|    netflix    |  Duration   |        |         |
|    netflix    |  Duration   |        A         |
|    netflix    |  Duration   |        L         |
|    netflix    |  Duration   |        _         |
|    netflix    |  Duration   |        p         |
|    netflix    |  Duration   |        h         |
|    netflix    |  Duration   |        d         |
|    netflix    |  Duration   |        -         |
|    netflix    |  Duration   |        f         |
|    netflix    |  Duration   |        :         |
|    netflix    |  Duration   |                  |
+---------------+-------------+------------------+
+---------------+--------------------------------------------------------+-----+
|  array_like   |  ../tests/test_tables/jobs/prod/job_1/array_like.csv   | csv |
|  date_table   |  ../tests/test_tables/jobs/prod/job_1/date_table.csv   | csv |
| decimal_table | ../tests/test_tables/jobs/prod/job_1/decimal_table.csv | csv |
|   location    |   ../tests/test_tables/jobs/prod/job_1/location.csv    | csv |
|   positions   |   ../tests/test_tables/jobs/prod/job_1/positions.csv   | csv |
|    salary     |    ../tests/test_tables/jobs/prod/job_1/salary.csv     | csv |
|     state     |     ../tests/test_tables/jobs/prod/job_1/state.csv     | csv |
+---------------+--------------------------------------------------------+-----+
['array_like', 'date_table', 'decimal_table', 'location', 'positions', 'salary', 'state']
Transformslib will now attempt to load each table in the supply...
Using delta table method to load supplies...


Successfully loaded 7 tables
Loaded the following tables: 
{'array_like': array_like, 'date_table': date_table, 'decimal_table': decimal_table, 'location': location, 'positions': positions, 'salary': salary, 'state': state}

========================================================================================================================
 TRANSFORMS LIBRARY - Available Transform Classes
========================================================================================================================
 Total Transforms: 21
========================================================================================================================
Transform Name     | Description
-------------------+--------------------------------------------------------------------------------------------------
ApplyHMAC          | Transform class to apply specific HMAC hashing to a specified column using a secret key.
AttachSynID        | Will attach a synthetic ID to the Table from its source ID
ComplexFilter      | Transform class for filtering rows in a DataFrame using a backend-specific condition.
ConcatColumns      | Transform class for concatenating multiple columns into a single column.
DistinctTable      | Transform class for removing duplicate rows from a DataFrame.
DropNAValues       | Transform class for dropping rows with NA/None/Null values in a specified column.
DropVariable       | Transform class for removing one or more variables/columns from a DataFrame.
ExplodeColumn      | Transform class for exploding a list-like column into multiple rows.
ForceCase          | Transform class to force string values in a specified column to upper or lower case.
HashColumns        | Using the hashing tool, hash the contents of one or more columns into a new column.
JoinTable          | Transform class for joining two tables in a TableCollection.
PartitionByValue   | Transform class for partitioning a DataFrame into multiple tables
RenameTable        | Transform class for renaming columns in a DataFrame.
ReplaceByCondition | Transform class for replacing values in a column based on a comparison condition.
RoundNumber        | Transform class to round numeric values in a specified column to a given number of decimal pla...
SimpleFilter       | Transform class for filtering rows in a DataFrame using a simple column comparison.
SortTable          | Transform class to sort a table by one or more columns.
SubsetTable        | Transform class for subsetting a DataFrame to retain only specified columns.
TrimWhitespace     | Transform class for trimming leading and trailing whitespace from string values in a specified...
TruncateDate       | Transform class to truncate date values in a specified column to year or month level.
UnionTables        | Transform class to perform a union of two tables with matching schemas.
========================================================================================================================
 Use help(ClassName) for detailed information about any transform.
========================================================================================================================


========================================================================================================================
 MACRO LIBRARY - Available Macro Transform Classes
========================================================================================================================
 Total Macro Transforms: 4
========================================================================================================================
Macro Name        | Description
------------------+---------------------------------------------------------------------------------------------------
ApplyLegacyIDHash | Transform class to apply specific HMAC hashing to a specified column using a secret key.
ConcatenateIDs    | A macro that concatenates two ID columns with an underscore separator.
DropMissingIDs    | A macro that drops missing IDs from a table by removing rows with NA values in the synthetic va...
TopBottomCode     | A macro that applies top and bottom coding to specified variables in a table collection.
========================================================================================================================
 Use help(ClassName) for detailed information about any macro transform.
========================================================================================================================

Partitioning salary by salary
Table: salary_700
+------+-----+---+
|salary| name|age|
+------+-----+---+
|   700|Peggy|  5|
+------+-----+---+

Table: salary_620
+------+------+---+
|salary|  name|age|
+------+------+---+
|   620|Finley|  1|
+------+------+---+

Table: salary_500
+------+----------+---+
|salary|      name|age|
+------+----------+---+
|   500|Jane Smith|  4|
+------+----------+---+

Table: salary_600
+------+-----------+---+
|salary|       name|age|
+------+-----------+---+
|   600|Bob Johnson|  1|
|   600|     Twiggy|  1|
+------+-----------+---+

Table: salary_400
+------+--------+---+
|salary|    name|age|
+------+--------+---+
|   400|John Doe|  1|
+------+--------+---+

Original columns (positions): ['age', 'name', 'var', 'position', 'skill']
After DropVariable (var) on positions: ['age', 'name', 'position', 'skill']
+---+-----------+--------+------+
|age|       name|position| skill|
+---+-----------+--------+------+
|  1|   John Doe|   front|  high|
|  2| Jane Smith|    back|medium|
|  3|Bob Johnson|  middle|   low|
|  3|Bob Johnson|   front|   low|
|  4|     Twiggy|   front|   low|
+---+-----------+--------+------+

Original columns (salary): ['salary', 'name', 'age']
NamedList(['salary', 'age'])
After SubsetTable (keep salary) on salary: ['salary', 'age']
+------+---+
|salary|age|
+------+---+
|   400|  1|
|   500|  4|
|   600|  1|
|   600|  1|
|   620|  1|
|   700|  5|
+------+---+

Applying DistinctTable on positions
After DistinctTable on positions (all columns):
+---+-----------+--------+------+
|age|       name|position| skill|
+---+-----------+--------+------+
|  4|     Twiggy|   front|   low|
|  1|   John Doe|   front|  high|
|  2| Jane Smith|    back|medium|
|  3|Bob Johnson|  middle|   low|
|  3|Bob Johnson|   front|   low|
+---+-----------+--------+------+

Applying DistinctTable on salary
After DistinctTable on salary (all columns):
+------+---+
|salary|age|
+------+---+
|   620|  1|
|   400|  1|
|   700|  5|
|   600|  1|
|   500|  4|
+------+---+

Original columns (salary): ['salary', 'age']
After RenameTable (salary -> income) on salary: ['income', 'age']
+------+---+
|income|age|
+------+---+
|   620|  1|
|   400|  1|
|   700|  5|
|   600|  1|
|   500|  4|
+------+---+

Applying ComplexFilter (income >= 600) on salary
After ComplexFilter (income > 600) on salary:
+------+---+
|income|age|
+------+---+
|   620|  1|
|   700|  5|
|   600|  1|
+------+---+

Joining positions and salary on age
After JoinTable (positions inner join salary on age):
+---+--------+--------+-----+------+
|age|    name|position|skill|income|
+---+--------+--------+-----+------+
|  1|John Doe|   front| high|   600|
|  1|John Doe|   front| high|   620|
+---+--------+--------+-----+------+
                                                                                

[Stage 192:>                                                        (0 + 1) / 1]

                                                                                

[Stage 266:>                                                        (0 + 1) / 1]

[Stage 269:>                                                        (0 + 1) / 1]

                                                                                

[Stage 377:>                                                        (0 + 1) / 1]


Applying SimpleFilter (income > 600) on example_join
After SimpleFilter:
+---+--------+--------+-----+------+
|age|    name|position|skill|income|
+---+--------+--------+-----+------+
|  1|John Doe|   front| high|   620|
+---+--------+--------+-----+------+

Concatenating variables
NamedList(['age', 'skill'])
_
After ConcatColumns (age, skill -> concatted) on example_join:
+---+--------+--------+-----+------+---------+
|age|    name|position|skill|income|concatted|
+---+--------+--------+-----+------+---------+
|  1|John Doe|   front| high|   620|   1_high|
+---+--------+--------+-----+------+---------+

Replacing values in income where income >= 610 with 600
After ReplaceByCondition (income >= 610 -> 600):
+---+--------+--------+-----+------+---------+
|age|    name|position|skill|income|concatted|
+---+--------+--------+-----+------+---------+
|  1|John Doe|   front| high|   600|   1_high|
+---+--------+--------+-----+------+---------+

Exploding an array type test
+----+----+-----+
|var1|var2| var3|
+----+----+-----+
|   a|   b|    c|
|   a|   b|    d|
|   a|   b|    e|
|   g|   h|    j|
|   a|   f|    s|
|   f|   g|    a|
|   f|   g|    b|
|   f|   g|    d|
|   k|   l|    m|
|   k|   l|    n|
|   k|   l|    o|
|   k|   l|pppps|
+----+----+-----+

Rounding a number to 3 decimal places
+------+------+------+
|value1|value2|value3|
+------+------+------+
|     a| 0.154|  24.2|
|     b| 24.12|    24|
+------+------+------+

Truncating a date to year and month levels
+---+-------+-------------------+
| id|   name|         event_date|
+---+-------+-------------------+
|  1|  Alice|2025-01-01 00:00:00|
|  2|    Bob|2023-03-01 00:00:00|
|  3|Charlie|2023-07-01 00:00:00|
|  4|  Diana|2023-10-01 00:00:00|
|  5|  Ethan|2023-12-01 00:00:00|
+---+-------+-------------------+

+---+-------+-------------------+
| id|   name|         event_date|
+---+-------+-------------------+
|  1|  Alice|2025-01-01 00:00:00|
|  2|    Bob|2023-01-01 00:00:00|
|  3|Charlie|2023-01-01 00:00:00|
|  4|  Diana|2023-01-01 00:00:00|
|  5|  Ethan|2023-01-01 00:00:00|
+---+-------+-------------------+

Sorting the date_table by event_date
+---+-------+-------------------+
| id|   name|         event_date|
+---+-------+-------------------+
|  2|    Bob|2023-01-01 00:00:00|
|  3|Charlie|2023-01-01 00:00:00|
|  4|  Diana|2023-01-01 00:00:00|
|  5|  Ethan|2023-01-01 00:00:00|
|  1|  Alice|2025-01-01 00:00:00|
+---+-------+-------------------+

Applying ForceCase (upper) on var2 column
After ForceCase (upper):
+----+----+-----+
|var1|var2| var3|
+----+----+-----+
|   a|   B|    c|
|   a|   B|    d|
|   a|   B|    e|
|   g|   H|    j|
|   a|   F|    s|
|   f|   G|    a|
|   f|   G|    b|
|   f|   G|    d|
|   k|   L|    m|
|   k|   L|    n|
|   k|   L|    o|
|   k|   L|pppps|
+----+----+-----+

Applying TrimWhitespace on name column
After TrimWhitespace:
+-----------+---------+---------+-------+
|       name|     city|  country| region|
+-----------+---------+---------+-------+
|   John Doe| New York|      USA|   East|
| Jane Smith|   London|       UK|   West|
|Bob Johnson|   Sydney|Australia|  South|
|Bob Johnson|  Toronto|   Canada|  North|
|     Twiggy|    Paris|   France|Central|
|Spaced Name|Melbourne|Australia|  South|
+-----------+---------+---------+-------+

Applying TopBottomCode macro to salary column
Original salary data:
+------+---+
|income|age|
+------+---+
|   500|  1|
|   500|  5|
|   500|  1|
+------+---+

Applying hashing test
Loading config files for hashing...
Initialising hashing method: hextest
Hashing method initialised with key: 417PwOkc1r7Ou2MRksUhQ3GKe63aFss6kwFphfd5Mp8= and truncation length: 16, output format: hex
Performing integrity check on hash key...
Key passed checksum.
name
+----------------+---------+---------+-------+
|            name|     city|  country| region|
+----------------+---------+---------+-------+
|5c6ee192f8b883c9| New York|      USA|   East|
|23e9a7c660e7f79e|   London|       UK|   West|
|27612934792cf725|   Sydney|Australia|  South|
|27612934792cf725|  Toronto|   Canada|  North|
|3a5eac2a21682447|    Paris|   France|Central|
|a7c6939b1efa7618|Melbourne|Australia|  South|
+----------------+---------+---------+-------+

Setting minimum value to 450 and maximum value to 650
After TopBottomCode transformation:
+------+---+
|income|age|
+------+---+
|   500|  1|
|   500|  5|
|   500|  1|
+------+---+

example of final table going through some tests
first join complete
second join complete
+----------------+---------+---------+-------+----------------+----+--------+-----+------+---------+
|            name|     city|  country| region|           state| age|position|skill|income|concatted|
+----------------+---------+---------+-------+----------------+----+--------+-----+------+---------+
|23e9a7c660e7f79e|   London|       UK|   West|         England|NULL|    NULL| NULL|  NULL|     NULL|
|27612934792cf725|   Sydney|Australia|  South|             NSW|NULL|    NULL| NULL|  NULL|     NULL|
|27612934792cf725|  Toronto|   Canada|  North|         Ontario|NULL|    NULL| NULL|  NULL|     NULL|
|3a5eac2a21682447|    Paris|   France|Central|Island of France|NULL|    NULL| NULL|  NULL|     NULL|
|5c6ee192f8b883c9| New York|      USA|   East|        New York|NULL|    NULL| NULL|  NULL|     NULL|
|        John Doe|     NULL|     NULL|   NULL|            NULL|   1|   front| high|   600|   1_high|
|a7c6939b1efa7618|Melbourne|Australia|  South|            NULL|NULL|    NULL| NULL|  NULL|     NULL|
+----------------+---------+---------+-------+----------------+----+--------+-----+------+---------+

Saving all tables: <transformslib.tables.collections.collection.TableCollection object at 0x0000020E4D3B4EC0>

Writing to jobs/prod/job_1/salary_700.parquet as parquet with mode=overwrite (compression=zstd)
Writing to jobs/prod/job_1/salary_620.parquet as parquet with mode=overwrite (compression=zstd)
Writing to jobs/prod/job_1/salary_500.parquet as parquet with mode=overwrite (compression=zstd)
Writing to jobs/prod/job_1/salary_600.parquet as parquet with mode=overwrite (compression=zstd)
Writing to jobs/prod/job_1/salary_400.parquet as parquet with mode=overwrite (compression=zstd)
Writing to jobs/prod/job_1/salary.parquet as parquet with mode=overwrite (compression=zstd)
save events for table array_like
Events saved to jobs/prod/job_1/table_specific/array_like_events.json
save events for table decimal_table
Events saved to jobs/prod/job_1/table_specific/decimal_table_events.json
save events for table state
Events saved to jobs/prod/job_1/table_specific/state_events.json
save events for table salary_700
Events saved to jobs/prod/job_1/table_specific/salary_700_events.json
save events for table salary_620
Events saved to jobs/prod/job_1/table_specific/salary_620_events.json
save events for table salary_500
Events saved to jobs/prod/job_1/table_specific/salary_500_events.json
save events for table salary_600
Events saved to jobs/prod/job_1/table_specific/salary_600_events.json
save events for table salary_400
Events saved to jobs/prod/job_1/table_specific/salary_400_events.json
save events for table positions
Events saved to jobs/prod/job_1/table_specific/positions_events.json
save events for table salary
Events saved to jobs/prod/job_1/table_specific/salary_events.json
save events for table example_join
Events saved to jobs/prod/job_1/table_specific/example_join_events.json
save events for table date_table
Events saved to jobs/prod/job_1/table_specific/date_table_events.json
save events for table location
Events saved to jobs/prod/job_1/table_specific/location_events.json
save events for table super_table
Events saved to jobs/prod/job_1/table_specific/super_table_events.json
Test pipeline execution completed at Mon Dec  1 18:54:43 2025
Total execution time: 68.85 seconds
Spark session stopped successfully
SUCCESS: The process with PID 18008 (child process of PID 24980) has been terminated.
SUCCESS: The process with PID 24980 (child process of PID 16936) has been terminated.
SUCCESS: The process with PID 16936 (child process of PID 16396) has been terminated.
                                                                                
Starting test pipeline execution at Mon Dec  1 18:54:45 2025
Setting environment variable: TNSFRMS_EXE_ENGINE=pyspark
Setting environment variable: TNSFRMS_JOB_ID=-1
Setting environment variable: TNSFRMS_RUN_ID=-1
Setting environment variable: TNSFRMS_PROD=prod
Setting environment variable: TNSFRMS_LOG_LOC=jobs/{prodtest}/job_{job_id}/treatments.json
Setting environment variable: TNSFRMS_OUT_TABLE_LOC=jobs/{prodtest}/job_{job_id}
Setting environment variable: TNSFRMS_SYN_VAR=SYNTHETIC
Setting environment variable: TNSFRMS_ID_VAR=PERSON_ID
Setting environment variable: TNSFRMS_IDMAPS_LOC=../tests/test_tables/id_maps
Setting environment variable: TNSFRMS_JOB_STATE=../tests/test_tables/jobs/{prodtest}/job_{job_id}/setup/run_state.json
Setting environment variable: TNSFRMS_JOB_PATH=../tests/test_tables/jobs/{prodtest}/job_{job_id}/{tablename}.json
Setting environment variable: TNSFRMS_JOB_COLS_PATH=../tests/test_tables/jobs/{prodtest}/job_{job_id}/pre_transform_columns.csv
Setting environment variable: TNSFRMS_TABLE_SUMMARY_PATH=../tests/test_tables/jobs/{prodtest}/job_{job_id}/pre_transform_table_summary.csv
Setting environment variable: TNSFRMS_ID_MOD=id_mod
Setting environment variable: TNSFRMS_TAR_PART_SIZE=268435456
Setting environment variable: HASH_METHOD_LOC=hash_keys
Default environment variables have been set where necessary.
Production/Test mode set to: prod
DAG saved to: transform_dags/transform_dag_job1_run1.html
Test pipeline execution completed at Mon Dec  1 18:55:03 2025
Total execution time: 17.93 seconds
